sample_rate,fixture,old_correct,new_correct,observations,old_voiced,new_voiced,old_elapsed_ms,new_elapsed_ms
44100,pure220,50,50,50,50,50,6.51697,3.96307
44100,harmonics220,50,50,50,50,50,6.41424,3.80571
44100,missing_fundamental220,50,50,50,50,50,6.58468,3.9876
44100,harmonics_noise220,50,50,50,50,50,7.6708,3.92678
44100,hf_interference220,0,50,50,50,50,6.19187,3.66323
44100,white_noise,0,0,50,0,0,6.34029,3.8842
44100,harmonics_noise80,50,50,50,50,50,6.17819,4.15377
44100,harmonics_noise880,50,50,50,50,50,6.16572,3.93118
step_response_ms,44100,115.057,67.1655
48000,pure220,49,49,49,49,49,8.01094,6.06343
48000,harmonics220,49,49,49,49,49,7.75106,6.24723
48000,missing_fundamental220,49,49,49,49,49,8.35081,5.42296
48000,harmonics_noise220,49,49,49,49,49,7.66557,4.95348
48000,hf_interference220,0,49,49,49,49,7.38002,4.65944
48000,white_noise,0,0,49,0,0,7.44165,4.84007
48000,harmonics_noise80,49,49,49,49,49,7.41889,4.55937
48000,harmonics_noise880,49,49,49,49,49,7.52889,5.48944
step_response_ms,48000,100,68
96000,pure220,49,49,49,49,49,24.7701,4.79994
96000,harmonics220,49,49,49,49,49,25.5334,6.00031
96000,missing_fundamental220,49,49,49,49,49,26.7925,4.87251
96000,harmonics_noise220,49,49,49,49,49,29.1641,4.84293
96000,hf_interference220,49,49,49,49,49,23.8477,5.4946
96000,white_noise,0,0,49,0,0,25.1672,5.77366
96000,harmonics_noise80,49,49,49,49,49,28.7041,4.85371
96000,harmonics_noise880,49,49,49,49,49,25.599,4.69124
step_response_ms,96000,60,68
PASS: difficult synthetic fixtures, noise rejection and step response
